// Jest Snapshot v1, https://goo.gl/fbAQLP

exports[`AddressBook matches snapshot 1`] = `
Object {
  "asFragment": [Function],
  "baseElement": <body>
    <div>
      <div
        class="css-qhvm03"
        data-testid="addressBookPage"
      >
        <h1
          class="MuiTypography-root MuiTypography-h1 css-11g9nu0-MuiTypography-root"
          data-testid="pageTitle"
        >
          Address Book
        </h1>
        <p
          class="MuiTypography-root MuiTypography-body1 css-m94hbq-MuiTypography-root"
        >
          Welcome back to your address book.
        </p>
        <div
          class="css-1bxarir"
        >
          <h3
            class="MuiTypography-root MuiTypography-h3 css-11vjk9y-MuiTypography-root"
          >
            Address:
          </h3>
          <div
            class="MuiGrid-root MuiGrid-container css-vri7p7-MuiGrid-root"
          >
            <div
              class="MuiGrid-root MuiGrid-item MuiGrid-grid-xs-12 MuiGrid-grid-md-8 css-9drkqd-MuiGrid-root"
            >
              <input
                class="css-sghe0z"
                data-testid="pageInput"
                disabled=""
                value=""
              />
            </div>
            <div
              class="MuiGrid-root MuiGrid-item MuiGrid-grid-xs-12 MuiGrid-grid-md-3 css-iv7vbz-MuiGrid-root"
            >
              <button
                class="MuiButtonBase-root css-17jrrdy-MuiButtonBase-root"
                data-testid="pageBtn"
                tabindex="0"
                type="button"
              >
                Select Address
                <span
                  class="MuiTouchRipple-root css-8je8zh-MuiTouchRipple-root"
                />
              </button>
            </div>
          </div>
        </div>
      </div>
    </div>
  </body>,
  "container": <div>
    <div
      class="css-qhvm03"
      data-testid="addressBookPage"
    >
      <h1
        class="MuiTypography-root MuiTypography-h1 css-11g9nu0-MuiTypography-root"
        data-testid="pageTitle"
      >
        Address Book
      </h1>
      <p
        class="MuiTypography-root MuiTypography-body1 css-m94hbq-MuiTypography-root"
      >
        Welcome back to your address book.
      </p>
      <div
        class="css-1bxarir"
      >
        <h3
          class="MuiTypography-root MuiTypography-h3 css-11vjk9y-MuiTypography-root"
        >
          Address:
        </h3>
        <div
          class="MuiGrid-root MuiGrid-container css-vri7p7-MuiGrid-root"
        >
          <div
            class="MuiGrid-root MuiGrid-item MuiGrid-grid-xs-12 MuiGrid-grid-md-8 css-9drkqd-MuiGrid-root"
          >
            <input
              class="css-sghe0z"
              data-testid="pageInput"
              disabled=""
              value=""
            />
          </div>
          <div
            class="MuiGrid-root MuiGrid-item MuiGrid-grid-xs-12 MuiGrid-grid-md-3 css-iv7vbz-MuiGrid-root"
          >
            <button
              class="MuiButtonBase-root css-17jrrdy-MuiButtonBase-root"
              data-testid="pageBtn"
              tabindex="0"
              type="button"
            >
              Select Address
              <span
                class="MuiTouchRipple-root css-8je8zh-MuiTouchRipple-root"
              />
            </button>
          </div>
        </div>
      </div>
    </div>
  </div>,
  "debug": [Function],
  "findAllByAltText": [Function],
  "findAllByDisplayValue": [Function],
  "findAllByLabelText": [Function],
  "findAllByPlaceholderText": [Function],
  "findAllByRole": [Function],
  "findAllByTestId": [Function],
  "findAllByText": [Function],
  "findAllByTitle": [Function],
  "findByAltText": [Function],
  "findByDisplayValue": [Function],
  "findByLabelText": [Function],
  "findByPlaceholderText": [Function],
  "findByRole": [Function],
  "findByTestId": [Function],
  "findByText": [Function],
  "findByTitle": [Function],
  "getAllByAltText": [Function],
  "getAllByDisplayValue": [Function],
  "getAllByLabelText": [Function],
  "getAllByPlaceholderText": [Function],
  "getAllByRole": [Function],
  "getAllByTestId": [Function],
  "getAllByText": [Function],
  "getAllByTitle": [Function],
  "getByAltText": [Function],
  "getByDisplayValue": [Function],
  "getByLabelText": [Function],
  "getByPlaceholderText": [Function],
  "getByRole": [Function],
  "getByTestId": [Function],
  "getByText": [Function],
  "getByTitle": [Function],
  "queryAllByAltText": [Function],
  "queryAllByDisplayValue": [Function],
  "queryAllByLabelText": [Function],
  "queryAllByPlaceholderText": [Function],
  "queryAllByRole": [Function],
  "queryAllByTestId": [Function],
  "queryAllByText": [Function],
  "queryAllByTitle": [Function],
  "queryByAltText": [Function],
  "queryByDisplayValue": [Function],
  "queryByLabelText": [Function],
  "queryByPlaceholderText": [Function],
  "queryByRole": [Function],
  "queryByTestId": [Function],
  "queryByText": [Function],
  "queryByTitle": [Function],
  "rerender": [Function],
  "unmount": [Function],
}
`;
